\BOOKMARK [1][-]{figure.caption.2}{\376\377\000C\000e\000r\000t\000i\000f\000i\000c\000a\000t\000e\000\040\000o\000f\000\040\000A\000p\000p\000r\000o\000v\000a\000l}{}% 1
\BOOKMARK [1][-]{chapter*.3}{\376\377\000C\000o\000p\000y\000r\000i\000g\000h\000t}{}% 2
\BOOKMARK [1][-]{chapter*.4}{\376\377\000A\000c\000k\000n\000o\000w\000l\000e\000d\000g\000e\000m\000e\000n\000t}{}% 3
\BOOKMARK [1][-]{table.caption.6}{\376\377\000A\000b\000s\000t\000r\000a\000c\000t}{}% 4
\BOOKMARK [1][-]{chapter*.7}{\376\377\000C\000o\000n\000t\000e\000n\000t\000s}{}% 5
\BOOKMARK [1][-]{chapter*.8}{\376\377\000L\000i\000s\000t\000\040\000o\000f\000\040\000T\000a\000b\000l\000e\000s}{}% 6
\BOOKMARK [1][-]{chapter*.9}{\376\377\000L\000i\000s\000t\000\040\000o\000f\000\040\000F\000i\000g\000u\000r\000e\000s}{}% 7
\BOOKMARK [1][-]{chapter*.10}{\376\377\000L\000i\000s\000t\000\040\000o\000f\000\040\000S\000y\000m\000b\000o\000l\000s\000\040\000a\000n\000d\000\040\000A\000b\000b\000r\000e\000v\000i\000a\000t\000i\000o\000n}{}% 8
\BOOKMARK [0][-]{chapter.1}{\376\377\000I\000n\000t\000r\000o\000d\000u\000c\000t\000i\000o\000n}{}% 9
\BOOKMARK [1][-]{section.1.1}{\376\377\000B\000a\000c\000k\000g\000r\000o\000u\000n\000d\000\040\000I\000n\000t\000r\000o\000d\000u\000c\000t\000i\000o\000n}{chapter.1}% 10
\BOOKMARK [1][-]{section.1.2}{\376\377\000P\000r\000o\000b\000l\000e\000m\000\040\000S\000t\000a\000t\000e\000m\000e\000n\000t}{chapter.1}% 11
\BOOKMARK [0][-]{chapter.2}{\376\377\000L\000i\000t\000e\000r\000a\000t\000u\000r\000e\000\040\000R\000e\000v\000i\000e\000w}{}% 12
\BOOKMARK [0][-]{chapter.3}{\376\377\000R\000e\000q\000u\000i\000r\000e\000m\000e\000n\000t\000\040\000A\000n\000a\000l\000y\000s\000i\000s}{}% 13
\BOOKMARK [1][-]{section.3.1}{\376\377\000S\000O\000F\000T\000W\000A\000R\000E\000\040\000R\000E\000Q\000U\000I\000R\000E\000M\000E\000N\000T}{chapter.3}% 14
\BOOKMARK [2][-]{subsection.3.1.1}{\376\377\000P\000y\000t\000h\000o\000n}{section.3.1}% 15
\BOOKMARK [2][-]{subsection.3.1.2}{\376\377\000O\000p\000e\000n\000C\000V\000\040\000\050\000O\000p\000e\000n\000\040\000S\000o\000u\000r\000c\000e\000\040\000C\000o\000m\000p\000u\000t\000e\000r\000\040\000V\000i\000s\000i\000o\000n\000\040\000L\000i\000b\000r\000a\000r\000y\000\051}{section.3.1}% 16
\BOOKMARK [2][-]{subsection.3.1.3}{\376\377\000M\000y\000S\000Q\000L}{section.3.1}% 17
\BOOKMARK [2][-]{subsection.3.1.4}{\376\377\000T\000e\000n\000s\000o\000r\000\040\000F\000l\000o\000w}{section.3.1}% 18
\BOOKMARK [1][-]{section.3.2}{\376\377\000F\000U\000N\000C\000T\000I\000O\000N\000A\000L\000\040\000R\000E\000Q\000U\000I\000R\000E\000M\000E\000N\000T}{chapter.3}% 19
\BOOKMARK [2][-]{subsection.3.2.1}{\376\377\000U\000s\000e\000r\000\040\000R\000e\000g\000i\000s\000t\000r\000a\000t\000i\000o\000n}{section.3.2}% 20
\BOOKMARK [2][-]{subsection.3.2.2}{\376\377\000F\000a\000c\000e\000\040\000D\000e\000t\000e\000c\000t\000i\000o\000n}{section.3.2}% 21
\BOOKMARK [2][-]{subsection.3.2.3}{\376\377\000F\000a\000c\000e\000\040\000R\000e\000c\000o\000g\000n\000i\000t\000i\000o\000n}{section.3.2}% 22
\BOOKMARK [2][-]{subsection.3.2.4}{\376\377\000E\000n\000r\000o\000l\000l\000m\000e\000n\000t\000\040\000a\000n\000d\000\040\000D\000a\000t\000a\000b\000a\000s\000e\000\040\000M\000a\000n\000a\000g\000e\000m\000e\000n\000t}{section.3.2}% 23
\BOOKMARK [2][-]{subsection.3.2.5}{\376\377\000R\000e\000a\000l\000-\000t\000i\000m\000e\000\040\000M\000o\000n\000i\000t\000o\000r\000i\000n\000g}{section.3.2}% 24
\BOOKMARK [1][-]{section.3.3}{\376\377\000N\000O\000N\000-\000F\000U\000N\000C\000T\000I\000O\000N\000A\000L\000\040\000R\000E\000Q\000U\000I\000R\000E\000M\000E\000N\000T}{chapter.3}% 25
\BOOKMARK [2][-]{subsection.3.3.1}{\376\377\000P\000e\000r\000f\000o\000r\000m\000a\000n\000c\000e}{section.3.3}% 26
\BOOKMARK [3][-]{subsubsection.3.3.1.1}{\376\377\000R\000e\000s\000p\000o\000n\000s\000e\000\040\000T\000i\000m\000e}{subsection.3.3.1}% 27
\BOOKMARK [3][-]{subsubsection.3.3.1.2}{\376\377\000T\000h\000r\000o\000u\000g\000h\000p\000u\000t}{subsection.3.3.1}% 28
\BOOKMARK [2][-]{subsection.3.3.2}{\376\377\000S\000c\000a\000l\000a\000b\000i\000i\000t\000y}{section.3.3}% 29
\BOOKMARK [2][-]{subsection.3.3.3}{\376\377\000R\000e\000l\000i\000a\000b\000i\000l\000i\000t\000y}{section.3.3}% 30
\BOOKMARK [2][-]{subsection.3.3.4}{\376\377\000A\000v\000a\000i\000l\000a\000b\000i\000l\000i\000t\000y}{section.3.3}% 31
\BOOKMARK [2][-]{subsection.3.3.5}{\376\377\000S\000e\000c\000u\000r\000i\000t\000y}{section.3.3}% 32
\BOOKMARK [3][-]{subsubsection.3.3.5.1}{\376\377\000D\000a\000t\000a\000\040\000S\000e\000c\000u\000r\000i\000t\000y}{subsection.3.3.5}% 33
\BOOKMARK [3][-]{subsubsection.3.3.5.2}{\376\377\000A\000c\000c\000e\000s\000s\000\040\000C\000o\000n\000t\000r\000o\000l}{subsection.3.3.5}% 34
\BOOKMARK [1][-]{section.3.4}{\376\377\000F\000E\000A\000S\000I\000B\000I\000L\000I\000T\000Y\000\040\000S\000T\000U\000D\000Y}{chapter.3}% 35
\BOOKMARK [2][-]{subsection.3.4.1}{\376\377\000T\000e\000c\000h\000n\000i\000c\000a\000l\000\040\000F\000e\000a\000s\000i\000b\000i\000l\000i\000t\000y}{section.3.4}% 36
\BOOKMARK [3][-]{subsubsection.3.4.1.1}{\376\377\000R\000e\000q\000u\000i\000r\000e\000m\000e\000n\000t\000s\000\040\000A\000n\000a\000l\000y\000s\000i\000s}{subsection.3.4.1}% 37
\BOOKMARK [3][-]{subsubsection.3.4.1.2}{\376\377\000S\000y\000s\000t\000e\000m\000\040\000C\000o\000m\000p\000a\000t\000i\000b\000i\000l\000i\000t\000y}{subsection.3.4.1}% 38
\BOOKMARK [3][-]{subsubsection.3.4.1.3}{\376\377\000F\000a\000c\000i\000a\000l\000\040\000R\000e\000c\000o\000g\000n\000i\000t\000i\000o\000n\000\040\000T\000e\000c\000h\000n\000o\000l\000o\000g\000y}{subsection.3.4.1}% 39
\BOOKMARK [2][-]{subsection.3.4.2}{\376\377\000E\000c\000o\000n\000o\000m\000i\000c\000\040\000F\000e\000a\000s\000i\000b\000i\000l\000i\000t\000y}{section.3.4}% 40
\BOOKMARK [3][-]{subsubsection.3.4.2.1}{\376\377\000C\000o\000s\000t\000-\000B\000e\000n\000e\000f\000i\000t\000\040\000A\000n\000a\000l\000y\000s\000i\000s}{subsection.3.4.2}% 41
\BOOKMARK [3][-]{subsubsection.3.4.2.2}{\376\377\000R\000e\000t\000u\000r\000n\000\040\000o\000n\000\040\000I\000n\000v\000e\000s\000t\000m\000e\000n\000t\000\040\000\050\000R\000O\000I\000\051}{subsection.3.4.2}% 42
\BOOKMARK [2][-]{subsection.3.4.3}{\376\377\000O\000p\000e\000r\000a\000t\000i\000o\000n\000a\000l\000\040\000F\000e\000a\000s\000i\000b\000i\000l\000i\000t\000y}{section.3.4}% 43
\BOOKMARK [3][-]{subsubsection.3.4.3.1}{\376\377\000U\000s\000e\000r\000\040\000A\000c\000c\000e\000p\000t\000a\000n\000c\000e}{subsection.3.4.3}% 44
\BOOKMARK [3][-]{subsubsection.3.4.3.2}{\376\377\000T\000r\000a\000i\000n\000i\000n\000g\000\040\000R\000e\000q\000u\000i\000r\000e\000m\000e\000n\000t\000s}{subsection.3.4.3}% 45
\BOOKMARK [3][-]{subsubsection.3.4.3.3}{\376\377\000I\000n\000t\000e\000g\000r\000a\000t\000i\000o\000n\000\040\000w\000i\000t\000h\000\040\000E\000x\000i\000s\000t\000i\000n\000g\000\040\000P\000r\000o\000c\000e\000s\000s\000e\000s}{subsection.3.4.3}% 46
\BOOKMARK [0][-]{chapter.4}{\376\377\000S\000y\000s\000t\000e\000m\000\040\000\050\000o\000r\000\040\000P\000r\000o\000j\000e\000c\000t\000\051\000\040\000D\000e\000s\000i\000g\000n\000\040\000a\000n\000d\000\040\000A\000r\000c\000h\000i\000t\000e\000c\000t\000u\000r\000e}{}% 47
\BOOKMARK [1][-]{section.4.1}{\376\377\000U\000S\000E\000\040\000C\000A\000S\000E\000\040\000D\000I\000A\000G\000R\000A\000M}{chapter.4}% 48
\BOOKMARK [1][-]{section.4.2}{\376\377\000S\000y\000s\000t\000e\000m\000\040\000B\000l\000o\000c\000k}{chapter.4}% 49
\BOOKMARK [1][-]{section.4.3}{\376\377\000S\000e\000q\000u\000e\000n\000c\000e\000\040\000D\000i\000a\000g\000r\000a\000m}{chapter.4}% 50
\BOOKMARK [1][-]{section.4.4}{\376\377\000C\000l\000a\000s\000s\000\040\000D\000i\000a\000g\000r\000a\000m}{chapter.4}% 51
\BOOKMARK [0][-]{chapter.5}{\376\377\000M\000e\000t\000h\000o\000d\000o\000l\000o\000g\000y}{}% 52
\BOOKMARK [1][-]{section.5.1}{\376\377\000S\000O\000F\000T\000W\000A\000R\000E\000\040\000D\000E\000V\000E\000L\000O\000P\000M\000E\000N\000T\000\040\000A\000P\000P\000R\000O\000A\000C\000H}{chapter.5}% 53
\BOOKMARK [1][-]{section.5.2}{\376\377\000A\000L\000G\000O\000R\000I\000T\000H\000M\000S\000\040\000A\000N\000D\000\040\000M\000O\000D\000E\000L\000S}{chapter.5}% 54
\BOOKMARK [2][-]{subsection.5.2.1}{\376\377\000H\000a\000a\000r\000\040\000C\000a\000s\000c\000a\000d\000e\000s}{section.5.2}% 55
\BOOKMARK [2][-]{subsection.5.2.2}{\376\377\000L\000o\000c\000a\000l\000\040\000B\000i\000n\000a\000r\000y\000\040\000P\000a\000t\000t\000e\000r\000n\000s\000\040}{section.5.2}% 56
\BOOKMARK [2][-]{subsection.5.2.3}{\376\377\000E\000i\000g\000e\000n\000f\000a\000c\000e\000s}{section.5.2}% 57
\BOOKMARK [2][-]{subsection.5.2.4}{\376\377\000L\000o\000c\000a\000l\000\040\000F\000e\000a\000t\000u\000r\000e\000\040\000A\000n\000a\000l\000y\000s\000i\000s\000\040}{section.5.2}% 58
\BOOKMARK [2][-]{subsection.5.2.5}{\376\377\000C\000o\000n\000v\000o\000l\000u\000t\000i\000o\000n\000a\000l\000\040\000N\000e\000u\000r\000a\000l\000\040\000N\000e\000t\000w\000o\000r\000k\000s}{section.5.2}% 59
\BOOKMARK [1][-]{section.5.3}{\376\377\000P\000r\000o\000p\000o\000s\000e\000d\000\040\000S\000y\000s\000t\000e\000m}{chapter.5}% 60
\BOOKMARK [2][-]{subsection.5.3.1}{\376\377\000D\000a\000t\000a\000s\000e\000t\000\040\000C\000r\000e\000a\000t\000i\000o\000n\000\040\000a\000n\000d\000\040\000I\000m\000a\000g\000e\000\040\000P\000r\000e\000p\000r\000o\000c\000e\000s\000s\000i\000n\000g}{section.5.3}% 61
\BOOKMARK [2][-]{subsection.5.3.2}{\376\377\000F\000a\000c\000e\000\040\000D\000e\000t\000e\000c\000t\000i\000o\000n}{section.5.3}% 62
\BOOKMARK [2][-]{subsection.5.3.3}{\376\377\000F\000a\000c\000e\000\040\000R\000e\000c\000o\000g\000n\000i\000t\000i\000o\000n\000\040\000a\000n\000d\000\040\000C\000a\000l\000c\000u\000l\000a\000t\000i\000o\000n}{section.5.3}% 63
\BOOKMARK [2][-]{subsection.5.3.4}{\376\377\000D\000a\000t\000a\000B\000a\000s\000e}{section.5.3}% 64
\BOOKMARK [0][-]{chapter.6}{\376\377\000E\000x\000p\000e\000c\000t\000e\000d\000\040\000O\000u\000t\000c\000o\000m\000e\000s}{}% 65
\BOOKMARK [0][-]{chapter.7}{\376\377\000C\000o\000n\000c\000l\000u\000s\000i\000o\000n}{}% 66
